2026-06-29 15:54:28.880 | INFO     | main:lifespan:72 - MongoDB connected successfully
2026-06-29 15:54:37.952 | INFO     | main:lifespan:96 - RealtimeStockoutPredictor initialized successfully, model_version=unknown
2026-06-29 15:54:40.646 | INFO     | app.db.indexes:create_all_indexes:214 - All MongoDB indexes created successfully
2026-06-29 15:54:40.716 | INFO     | main:lifespan:106 - MongoDB indexes initialized successfully
2026-06-29 15:54:43.335 | INFO     | app.middleware.logging_middleware:dispatch:59 - request_completed
2026-06-29 15:54:52.840 | INFO     | app.middleware.logging_middleware:dispatch:59 - request_completed
2026-06-29 15:55:39.663 | INFO     | app.middleware.logging_middleware:dispatch:59 - request_completed
2026-06-29 15:55:57.868 | INFO     | app.middleware.logging_middleware:dispatch:59 - request_completed
2026-06-29 15:56:49.303 | INFO     | app.middleware.logging_middleware:dispatch:59 - request_completed
2026-06-30 15:15:08.423 | INFO     | main:lifespan:72 - MongoDB connected successfully
2026-06-30 15:15:12.139 | INFO     | main:lifespan:96 - RealtimeStockoutPredictor initialized successfully, model_version=unknown
2026-06-30 15:15:14.867 | INFO     | app.db.indexes:create_all_indexes:214 - All MongoDB indexes created successfully
2026-06-30 15:15:14.935 | INFO     | main:lifespan:106 - MongoDB indexes initialized successfully
2026-06-30 15:15:25.695 | INFO     | app.middleware.logging_middleware:dispatch:59 - request_completed
2026-06-30 15:15:30.880 | INFO     | main:lifespan:111 - MongoDB connection closed
2026-06-30 15:15:34.992 | INFO     | main:lifespan:72 - MongoDB connected successfully
2026-06-30 15:15:37.476 | INFO     | main:lifespan:96 - RealtimeStockoutPredictor initialized successfully, model_version=unknown
2026-06-30 15:15:40.093 | INFO     | app.db.indexes:create_all_indexes:214 - All MongoDB indexes created successfully
2026-06-30 15:15:40.149 | INFO     | main:lifespan:106 - MongoDB indexes initialized successfully
2026-06-30 15:16:09.501 | INFO     | app.middleware.logging_middleware:dispatch:59 - request_completed
2026-06-30 15:16:10.023 | INFO     | app.middleware.logging_middleware:dispatch:59 - request_completed
2026-06-30 15:16:10.062 | INFO     | app.middleware.logging_middleware:dispatch:59 - request_completed
2026-06-30 15:16:10.169 | INFO     | app.middleware.logging_middleware:dispatch:59 - request_completed
2026-06-30 15:16:11.042 | INFO     | app.middleware.logging_middleware:dispatch:59 - request_completed
2026-06-30 15:16:11.734 | INFO     | app.middleware.logging_middleware:dispatch:59 - request_completed
2026-06-30 15:16:12.345 | INFO     | app.middleware.logging_middleware:dispatch:59 - request_completed
2026-06-30 15:16:12.945 | INFO     | app.middleware.logging_middleware:dispatch:59 - request_completed
2026-06-30 15:16:13.543 | INFO     | app.middleware.logging_middleware:dispatch:59 - request_completed
2026-06-30 15:16:14.144 | INFO     | app.middleware.logging_middleware:dispatch:59 - request_completed
2026-06-30 15:16:14.761 | INFO     | app.middleware.logging_middleware:dispatch:59 - request_completed
2026-06-30 15:16:21.699 | INFO     | app.middleware.logging_middleware:dispatch:59 - request_completed
2026-06-30 15:16:21.705 | INFO     | app.middleware.logging_middleware:dispatch:59 - request_completed
2026-06-30 15:16:21.884 | INFO     | app.middleware.logging_middleware:dispatch:59 - request_completed
2026-06-30 15:16:21.925 | INFO     | app.middleware.logging_middleware:dispatch:59 - request_completed
2026-06-30 15:16:23.692 | INFO     | app.middleware.logging_middleware:dispatch:59 - request_completed
2026-06-30 15:16:24.924 | INFO     | app.middleware.logging_middleware:dispatch:59 - request_completed
2026-06-30 15:16:26.512 | INFO     | app.middleware.logging_middleware:dispatch:59 - request_completed
2026-06-30 15:16:27.892 | INFO     | app.middleware.logging_middleware:dispatch:59 - request_completed
2026-06-30 15:16:28.847 | INFO     | app.middleware.logging_middleware:dispatch:59 - request_completed
2026-06-30 15:16:34.334 | INFO     | app.middleware.logging_middleware:dispatch:59 - request_completed
2026-06-30 15:16:35.176 | INFO     | app.middleware.logging_middleware:dispatch:59 - request_completed
2026-06-30 15:16:37.621 | INFO     | app.middleware.logging_middleware:dispatch:59 - request_completed
2026-06-30 15:16:38.570 | INFO     | app.middleware.logging_middleware:dispatch:59 - request_completed
2026-06-30 15:16:38.576 | INFO     | app.middleware.logging_middleware:dispatch:59 - request_completed
2026-06-30 15:16:38.577 | INFO     | app.middleware.logging_middleware:dispatch:59 - request_completed
2026-06-30 15:16:38.603 | INFO     | app.middleware.logging_middleware:dispatch:59 - request_completed
2026-06-30 15:16:39.468 | INFO     | app.middleware.logging_middleware:dispatch:59 - request_completed
2026-06-30 15:16:45.062 | INFO     | app.middleware.logging_middleware:dispatch:59 - request_completed
2026-06-30 15:16:51.793 | INFO     | app.middleware.logging_middleware:dispatch:59 - request_completed
2026-06-30 15:16:51.795 | INFO     | app.middleware.logging_middleware:dispatch:59 - request_completed
2026-06-30 15:16:51.832 | INFO     | app.middleware.logging_middleware:dispatch:59 - request_completed
2026-06-30 15:16:58.726 | INFO     | app.middleware.logging_middleware:dispatch:59 - request_completed
2026-06-30 15:16:58.729 | INFO     | app.middleware.logging_middleware:dispatch:59 - request_completed
2026-06-30 15:16:58.760 | INFO     | app.middleware.logging_middleware:dispatch:59 - request_completed
2026-06-30 15:17:00.585 | INFO     | app.middleware.logging_middleware:dispatch:59 - request_completed
2026-06-30 15:17:00.613 | INFO     | app.middleware.logging_middleware:dispatch:59 - request_completed
2026-06-30 15:17:00.618 | INFO     | app.middleware.logging_middleware:dispatch:59 - request_completed
2026-06-30 15:17:01.406 | INFO     | app.middleware.logging_middleware:dispatch:59 - request_completed
2026-06-30 15:17:01.412 | INFO     | app.middleware.logging_middleware:dispatch:59 - request_completed
2026-06-30 15:17:01.495 | INFO     | app.middleware.logging_middleware:dispatch:59 - request_completed
2026-06-30 15:17:01.566 | INFO     | app.middleware.logging_middleware:dispatch:59 - request_completed
2026-06-30 15:17:11.150 | INFO     | app.middleware.logging_middleware:dispatch:59 - request_completed
2026-06-30 15:17:11.151 | INFO     | app.middleware.logging_middleware:dispatch:59 - request_completed
2026-06-30 15:17:11.245 | INFO     | app.middleware.logging_middleware:dispatch:59 - request_completed
2026-06-30 15:17:11.311 | INFO     | app.middleware.logging_middleware:dispatch:59 - request_completed
2026-06-30 15:17:11.795 | INFO     | app.middleware.logging_middleware:dispatch:59 - request_completed
2026-06-30 15:17:11.797 | INFO     | app.middleware.logging_middleware:dispatch:59 - request_completed
2026-06-30 15:17:12.187 | INFO     | app.middleware.logging_middleware:dispatch:59 - request_completed
2026-06-30 15:17:12.213 | INFO     | app.middleware.logging_middleware:dispatch:59 - request_completed
2026-06-30 15:17:14.038 | INFO     | app.middleware.logging_middleware:dispatch:59 - request_completed
2026-06-30 15:17:16.848 | INFO     | app.middleware.logging_middleware:dispatch:59 - request_completed
2026-06-30 15:17:17.367 | INFO     | app.middleware.logging_middleware:dispatch:59 - request_completed
2026-06-30 15:17:17.996 | INFO     | app.middleware.logging_middleware:dispatch:59 - request_completed
2026-06-30 15:17:18.607 | INFO     | app.middleware.logging_middleware:dispatch:59 - request_completed
2026-06-30 15:17:19.225 | INFO     | app.middleware.logging_middleware:dispatch:59 - request_completed
2026-06-30 15:17:19.839 | INFO     | app.middleware.logging_middleware:dispatch:59 - request_completed
2026-06-30 15:17:20.440 | INFO     | app.middleware.logging_middleware:dispatch:59 - request_completed
2026-06-30 15:17:21.067 | INFO     | app.middleware.logging_middleware:dispatch:59 - request_completed
2026-06-30 15:18:17.014 | INFO     | app.middleware.logging_middleware:dispatch:59 - request_completed
2026-06-30 15:18:19.736 | INFO     | app.middleware.logging_middleware:dispatch:59 - request_completed
2026-06-30 15:18:20.927 | INFO     | app.middleware.logging_middleware:dispatch:59 - request_completed
2026-06-30 15:27:41.605 | INFO     | app.middleware.logging_middleware:dispatch:59 - request_completed
2026-06-30 15:27:41.639 | INFO     | app.middleware.logging_middleware:dispatch:59 - request_completed
2026-06-30 15:27:41.740 | INFO     | app.middleware.logging_middleware:dispatch:59 - request_completed
2026-06-30 15:27:42.267 | INFO     | app.middleware.logging_middleware:dispatch:59 - request_completed
2026-06-30 15:27:42.901 | INFO     | app.middleware.logging_middleware:dispatch:59 - request_completed
2026-06-30 15:27:43.534 | INFO     | app.middleware.logging_middleware:dispatch:59 - request_completed
2026-06-30 15:27:44.183 | INFO     | app.middleware.logging_middleware:dispatch:59 - request_completed
2026-06-30 15:27:44.817 | INFO     | app.middleware.logging_middleware:dispatch:59 - request_completed
2026-06-30 15:27:45.443 | INFO     | app.middleware.logging_middleware:dispatch:59 - request_completed
2026-06-30 15:27:46.040 | INFO     | app.middleware.logging_middleware:dispatch:59 - request_completed
2026-06-30 15:27:52.346 | INFO     | app.middleware.logging_middleware:dispatch:59 - request_completed
2026-06-30 15:27:52.353 | INFO     | app.middleware.logging_middleware:dispatch:59 - request_completed
2026-06-30 15:27:52.376 | INFO     | app.middleware.logging_middleware:dispatch:59 - request_completed
2026-06-30 15:27:54.418 | INFO     | app.middleware.logging_middleware:dispatch:59 - request_completed
2026-06-30 15:29:41.948 | INFO     | app.middleware.logging_middleware:dispatch:59 - request_completed
2026-06-30 15:29:43.210 | INFO     | app.middleware.logging_middleware:dispatch:59 - request_completed
2026-06-30 15:29:43.423 | INFO     | app.middleware.logging_middleware:dispatch:59 - request_completed
2026-06-30 15:29:43.716 | INFO     | app.middleware.logging_middleware:dispatch:59 - request_completed
2026-06-30 15:29:43.865 | INFO     | app.middleware.logging_middleware:dispatch:59 - request_completed
2026-06-30 15:29:53.003 | INFO     | app.middleware.logging_middleware:dispatch:59 - request_completed
2026-06-30 15:29:53.995 | INFO     | app.middleware.logging_middleware:dispatch:59 - request_completed
2026-06-30 15:29:54.028 | INFO     | app.middleware.logging_middleware:dispatch:59 - request_completed
2026-06-30 15:29:54.130 | INFO     | app.middleware.logging_middleware:dispatch:59 - request_completed
2026-06-30 15:29:54.647 | INFO     | app.middleware.logging_middleware:dispatch:59 - request_completed
2026-06-30 15:29:55.243 | INFO     | app.middleware.logging_middleware:dispatch:59 - request_completed
2026-06-30 15:29:55.851 | INFO     | app.middleware.logging_middleware:dispatch:59 - request_completed
2026-06-30 15:29:56.495 | INFO     | app.middleware.logging_middleware:dispatch:59 - request_completed
2026-06-30 15:29:57.111 | INFO     | app.middleware.logging_middleware:dispatch:59 - request_completed
2026-06-30 15:29:57.749 | INFO     | app.middleware.logging_middleware:dispatch:59 - request_completed
2026-06-30 15:29:58.348 | INFO     | app.middleware.logging_middleware:dispatch:59 - request_completed
2026-06-30 15:29:59.886 | INFO     | app.middleware.logging_middleware:dispatch:59 - request_completed
2026-06-30 15:30:07.518 | INFO     | app.middleware.logging_middleware:dispatch:59 - request_completed
2026-06-30 15:38:41.104 | INFO     | app.middleware.logging_middleware:dispatch:59 - request_completed
2026-06-30 15:38:41.147 | INFO     | app.middleware.logging_middleware:dispatch:59 - request_completed
2026-06-30 15:38:41.254 | INFO     | app.middleware.logging_middleware:dispatch:59 - request_completed
2026-06-30 15:38:41.769 | INFO     | app.middleware.logging_middleware:dispatch:59 - request_completed
2026-06-30 15:38:42.355 | INFO     | app.middleware.logging_middleware:dispatch:59 - request_completed
2026-06-30 15:38:42.930 | INFO     | app.middleware.logging_middleware:dispatch:59 - request_completed
2026-06-30 15:38:43.517 | INFO     | app.middleware.logging_middleware:dispatch:59 - request_completed
2026-06-30 15:38:44.096 | INFO     | app.middleware.logging_middleware:dispatch:59 - request_completed
2026-06-30 15:38:44.691 | INFO     | app.middleware.logging_middleware:dispatch:59 - request_completed
2026-06-30 15:38:45.268 | INFO     | app.middleware.logging_middleware:dispatch:59 - request_completed
2026-06-30 15:38:46.640 | INFO     | app.middleware.logging_middleware:dispatch:59 - request_completed
